# TR ablation mode: smoke
# NUM_CONTAINERS: 1
# TIMEOUT: 20 min
# TARGETS: live555
# FUZZERS: chatafl-tr1,chatafl-tr2,chatafl-tr3,chatafl-tr4
# EXPERIMENT_ID: tr_smoke20_llm_20260602_005332
# LLM_URL: https://api.minimaxi.com/v1/text/chatcompletion_v2
# LLM_MODEL: MiniMax-M2.7

# NUM_CONTAINERS: 1
# TIMEOUT: 1200 s
# SKIPCOUNT: 1
# TEST TIMEOUT: 5000 ms
# TARGET LIST: live555
# FUZZER LIST: chatafl-tr1,chatafl-tr2,chatafl-tr3,chatafl-tr4
# EXPERIMENT ID: tr_smoke20_llm_20260602_005332


***** RUNNING chatafl-tr1 ON live555 *****


***** RUNNING chatafl-tr2 ON live555 *****

mkdir: cannot create directory ‘results-live555-tr_smoke20_llm_20260602_005332’: File exists

***** RUNNING chatafl-tr3 ON live555 *****

mkdir: cannot create directory ‘results-live555-tr_smoke20_llm_20260602_005332’: File exists

***** RUNNING chatafl-tr4 ON live555 *****

mkdir: cannot create directory ‘results-live555-tr_smoke20_llm_20260602_005332’: File exists

CHATAFL-TR3: Fuzzing in progress ...
CHATAFL-TR3: Waiting for the following containers to stop:  03b27ec1e279
CHATAFL-TR4: Fuzzing in progress ...
CHATAFL-TR4: Waiting for the following containers to stop:  ed5f6fbd2333
CHATAFL-TR2: Fuzzing in progress ...
CHATAFL-TR2: Waiting for the following containers to stop:  614e676099fd
CHATAFL-TR1: Fuzzing in progress ...
CHATAFL-TR1: Waiting for the following containers to stop:  bb9362da38af
CHATAFL-TR1: Collecting results and save them to results-live555-tr_smoke20_llm_20260602_005332
CHATAFL-TR1: Collecting results from container bb9362da38af
CHATAFL-TR1: I am done!

CHATAFL-TR2: Collecting results and save them to results-live555-tr_smoke20_llm_20260602_005332
CHATAFL-TR2: Collecting results from container 614e676099fd
CHATAFL-TR2: I am done!

CHATAFL-TR3: Collecting results and save them to results-live555-tr_smoke20_llm_20260602_005332
CHATAFL-TR3: Collecting results from container 03b27ec1e279
CHATAFL-TR3: I am done!

CHATAFL-TR4: Collecting results and save them to results-live555-tr_smoke20_llm_20260602_005332
CHATAFL-TR4: Collecting results from container ed5f6fbd2333
CHATAFL-TR4: I am done!
