# TR ablation mode: full
# NUM_CONTAINERS: 10
# TIMEOUT: 720 min
# TARGETS: live555,pure-ftpd
# FUZZERS: chatafl-tr1,chatafl-tr2,chatafl-tr3,chatafl-tr4
# EXPERIMENT_ID: tr_full12h_20260602_020257
# LLM_URL: https://api.minimaxi.com/v1/text/chatcompletion_v2
# LLM_MODEL: MiniMax-M2.7

# NUM_CONTAINERS: 10
# TIMEOUT: 43200 s
# SKIPCOUNT: 1
# TEST TIMEOUT: 5000 ms
# TARGET LIST: live555,pure-ftpd
# FUZZER LIST: chatafl-tr1,chatafl-tr2,chatafl-tr3,chatafl-tr4
# EXPERIMENT ID: tr_full12h_20260602_020257


***** RUNNING chatafl-tr1 ON live555 *****


***** RUNNING chatafl-tr1 ON pure-ftpd *****


***** RUNNING chatafl-tr2 ON live555 *****


***** RUNNING chatafl-tr2 ON pure-ftpd *****


***** RUNNING chatafl-tr3 ON live555 *****


***** RUNNING chatafl-tr3 ON pure-ftpd *****


***** RUNNING chatafl-tr4 ON live555 *****


***** RUNNING chatafl-tr4 ON pure-ftpd *****

